// Jest Snapshot v1, https://goo.gl/fbAQLP

exports[`<TodoListItem /> tests should render properly 1`] = `
<li
  className="list-group-item d-flex justify-content-between align-items-start"
  key="44523"
>
  <div
    className="ms-2 me-auto"
  >
    <div
      className="fw-bold"
    >
      Learn React
    </div>
    completed: 
    false
  </div>
  <button
    className="btn badge bg-danger rounded-pill"
    onClick={[Function]}
  >
    X
  </button>
  <button
    className="btn badge bg-success rounded-pill"
    onClick={[Function]}
  >
    V
  </button>
</li>
`;
