// Jest Snapshot v1, https://goo.gl/fbAQLP

exports[`<Navbar /> Tests should render properly 1`] = `
<nav
  className="css-qluv0w"
>
  <div
    className="css-dsyim5"
    onClick={[Function]}
  >
    <svg
      fill="white"
      viewBox="0 0 20 20"
      width="24px"
      xmlns="http://www.w3.org/2000/svg"
    >
      <title>
        Menu
      </title>
      <path
        d="M0 3h20v2H0V3zm0 6h20v2H0V9zm0 6h20v2H0v-2z"
      />
    </svg>
  </div>
  <div
    className="css-8olkqp"
  >
    <div
      className="chakra-stack css-1agnwj4"
    >
      <a
        href="/"
        onClick={[Function]}
      >
        <p
          className="chakra-text css-6vcm9r"
        >
          All
        </p>
      </a>
      <a
        href="/dc"
        onClick={[Function]}
      >
        <p
          className="chakra-text css-6vcm9r"
        >
          DC
        </p>
      </a>
      <a
        href="/marvel"
        onClick={[Function]}
      >
        <p
          className="chakra-text css-6vcm9r"
        >
          Marvel
        </p>
      </a>
      <button
        className="chakra-button css-1xwdflt"
        onClick={[Function]}
        type="button"
      >
        Logout
      </button>
      <form
        onSubmit={[Function]}
      >
        <div
          className="chakra-input__group css-1fzfw9r"
        >
          <div
            className="chakra-input__left-element css-1u2k0bl"
          >
            <svg
              className="chakra-icon css-1xzgr6b"
              focusable={false}
              viewBox="0 0 24 24"
            >
              <path
                d="M23.384,21.619,16.855,15.09a9.284,9.284,0,1,0-1.768,1.768l6.529,6.529a1.266,1.266,0,0,0,1.768,0A1.251,1.251,0,0,0,23.384,21.619ZM2.75,9.5a6.75,6.75,0,1,1,6.75,6.75A6.758,6.758,0,0,1,2.75,9.5Z"
                fill="currentColor"
              />
            </svg>
          </div>
          <input
            className="chakra-input css-1qcmu60"
            onBlur={[Function]}
            onChange={[Function]}
            onFocus={[Function]}
            placeholder="Search your favorite superhero"
            type="text"
            value=""
          />
        </div>
      </form>
    </div>
  </div>
  <strong
    className="chakra-text css-62oyan"
  />
  <button
    aria-label="Switch to dark mode"
    className="chakra-button css-acoyy6"
    type="button"
  >
    <svg
      aria-hidden={true}
      fill="currentColor"
      focusable={false}
      height="1em"
      stroke="currentColor"
      strokeWidth="0"
      style={
        Object {
          "color": undefined,
        }
      }
      viewBox="0 0 512 512"
      width="1em"
      xmlns="http://www.w3.org/2000/svg"
    >
      <path
        d="M283.211 512c78.962 0 151.079-35.925 198.857-94.792 7.068-8.708-.639-21.43-11.562-19.35-124.203 23.654-238.262-71.576-238.262-196.954 0-72.222 38.662-138.635 101.498-174.394 9.686-5.512 7.25-20.197-3.756-22.23A258.156 258.156 0 0 0 283.211 0c-141.309 0-256 114.511-256 256 0 141.309 114.511 256 256 256z"
        key="0"
      />
    </svg>
  </button>
</nav>
`;
