// Jest Snapshot v1, https://goo.gl/fbAQLP

exports[`Test <GifGrid /> should <GifGrid /> receibe a category 1`] = `
<h4>
  Loading
</h4>
`;
