// Jest Snapshot v1, https://goo.gl/fbAQLP

exports[`Test <LoginScreen /> wrapper should snapshot 1`] = `
Array [
  <h1>
    Login
  </h1>,
  <form
    onSubmit={[Function]}
  >
    <div
      className="ui__input-group"
    >
      <label
        htmlFor="email"
      >
        Email
      </label>
      <input
        id="email"
        name="email"
        onChange={[Function]}
        placeholder="test@gmail.com"
        type="text"
        value=""
      />
    </div>
    <div
      className="ui__input-group"
    >
      <label
        htmlFor="password"
      >
        Password
      </label>
      <input
        id="password"
        name="password"
        onChange={[Function]}
        type="password"
        value=""
      />
    </div>
    <button
      className="auth__btn"
      disabled={true}
      type="submit"
    >
      Login
    </button>
    <hr />
    <div>
      <p>
        Login with social networks
      </p>
      <div
        className="google-btn"
        onClick={[Function]}
      >
        <div
          className="google-icon-wrapper"
        >
          <img
            alt="google button"
            className="google-icon"
            src="https://upload.wikimedia.org/wikipedia/commons/5/53/Google_%22G%22_Logo.svg"
          />
        </div>
        <p
          className="btn-text"
        >
          <b>
            Sign in with google
          </b>
        </p>
      </div>
    </div>
    <a
      href="/auth/register"
      onClick={[Function]}
    >
      Create new account
    </a>
  </form>,
]
`;
